
> car safety@0.0.0 build
> vite build

[36mvite v8.0.1 [32mbuilding client environment for production...[36m[39m
[2K
transforming...Ô£ô 2819 modules transformed.
npm : [31mÔ£ù[39m Build failed in 5.98s
Au caractère Ligne:1 : 1
+ npm run build > build_output.txt 2>&1
+ ~~~~~~~~~~~~~~~~~~~~~~~~~~~~~~~~~~~~~
    + CategoryInfo          : NotSpecified: ([31mÔ£ù[39m Build failed in 5.98s:String) [], RemoteException
    + FullyQualifiedErrorId : NativeCommandError
 
[31merror during build:
[31mBuild failed with 1 error:

[31m[builtin:vite-transform] Error:[0m Expected `,` or `)` but found `{`
      [38;5;246mÔò¡[0m[38;5;246mÔöÇ[0m[38;5;246m[[0m src/pages/AIMechanic.tsx:1697:9 [38;5;246m][0m
      [38;5;246mÔöé[0m
 [38;5;246m1074 Ôöé[0m [38;5;249m [0m[38;5;249m [0m[38;5;249m [0m[38;5;249m 
[0m[38;5;249mr[0m[38;5;249me[0m[38;5;249mt[0m[38;5;249mu[0m[38;5;249mr[0m[38;5;249mn[0m[38;5;249m [0m(
 [38;5;240m     Ôöé[0m            Ôö¼  
 [38;5;240m     Ôöé[0m            Ôò¦ÔöÇÔöÇ Opened here
 [38;5;240m     Ôöé[0m 
 [38;5;246m1697 Ôöé[0m [38;5;249m [0m[38;5;249m [0m[38;5;249m [0m[38;5;249m [0m[38;5;249m [0m[38;5;249m 
[0m[38;5;249m [0m[38;5;249m [0m{[38;5;249m/[0m[38;5;249m*[0m[38;5;249m [0m[38;5;249mP[0m[38;5;249mr[0m[
38;5;249me[0m[38;5;249mm[0m[38;5;249mi[0m[38;5;249mu[0m[38;5;249mm[0m[38;5;249m 
[0m[38;5;249mV[0m[38;5;249mo[0m[38;5;249mi[0m[38;5;249mc[0m[38;5;249me[0m[38;5;249m [0m[38;5;249mA[0m[3
8;5;249mc[0m[38;5;249mt[0m[38;5;249mi[0m[38;5;249mv[0m[38;5;249mi[0m[38;5;249mt[0m[38;5;249my[0m[38;5;249
m [0m[38;5;249mI[0m[38;5;249mn[0m[38;5;249md[0m[38;5;249mi[0m[38;5;249mc[0m[38;5;249ma[0m[38;5;249mt[0m
[38;5;249mo[0m[38;5;249mr[0m[38;5;249m [0m[38;5;249m*[0m[38;5;249m/[0m[38;5;249m}[0m
 [38;5;240m     Ôöé[0m         Ôö¼  
 [38;5;240m     Ôöé[0m         Ôò¦ÔöÇÔöÇ `,` or `)` expected
[38;5;246mÔöÇÔöÇÔöÇÔöÇÔöÇÔöÇÔò»[0m
[31m
    at aggregateBindingErrorsIntoJsError (file:///C:/Users/amany/OneDrive/Dokumente/sas/car safety/CAR SAFETY.O/node_modules/ro
lldown/dist/shared/error-BO4SlZV_.mjs:48:18)
    at unwrapBindingResult (file:///C:/Users/amany/OneDrive/Dokumente/sas/car safety/CAR SAFETY.O/node_modules/rolldown/dist/sh
ared/error-BO4SlZV_.mjs:18:128)
    at #build (file:///C:/Users/amany/OneDrive/Dokumente/sas/car safety/CAR SAFETY.O/node_modules/rolldown/dist/shared/rolldown
-build-yQC7KN8K.mjs:3311:34)
    at async buildEnvironment 
(file:///C:/Users/amany/OneDrive/Dokumente/sas/car safety/CAR SAFETY.O/node_modules/vite/dist/node/chunks/node.js:32817:64)
    at async Object.build 
(file:///C:/Users/amany/OneDrive/Dokumente/sas/car safety/CAR SAFETY.O/node_modules/vite/dist/node/chunks/node.js:33239:19)
    at async Object.buildApp 
(file:///C:/Users/amany/OneDrive/Dokumente/sas/car safety/CAR SAFETY.O/node_modules/vite/dist/node/chunks/node.js:33236:153)
    at async CAC.<anonymous> 
(file:///C:/Users/amany/OneDrive/Dokumente/sas/car safety/CAR SAFETY.O/node_modules/vite/dist/node/cli.js:778:3) {
  errors: [Getter/Setter]
}[39m
